###############################################################################
# Copyright (c) 2003-2009 by Innoopract Informationssysteme GmbH and others
# All rights reserved. This program and the accompanying materials
# are made available under the terms of the Eclipse Public License v1.0
# which accompanies this distribution, and is available at
# http://www.eclipse.org/legal/epl-v10.html
#
# Contributors:
#     Innoopract Informationssysteme GmbH - initial API and implementation
#     EclipseSource - ongoing development
###############################################################################

# demo
feature@org.eclipse.rap.demo.feature=HEAD,:pserver:anonymous@dev.eclipse.org:/cvsroot/rt,,org.eclipse.rap/releng/org.eclipse.rap.demo.feature
plugin@org.eclipse.rap.demo=HEAD,:pserver:anonymous@dev.eclipse.org:/cvsroot/rt,,org.eclipse.rap/runtime.ui/org.eclipse.rap.demo
plugin@org.eclipse.rap.demo.databinding=HEAD,:pserver:anonymous@dev.eclipse.org:/cvsroot/rt,,org.eclipse.rap/runtime.ui/org.eclipse.rap.demo.databinding

# examples
plugin@org.eclipse.rap.examples=HEAD,:pserver:anonymous@dev.eclipse.org:/cvsroot/rt,,org.eclipse.rap/runtime.ui/org.eclipse.rap.examples
plugin@org.eclipse.rap.examples.pages=HEAD,:pserver:anonymous@dev.eclipse.org:/cvsroot/rt,,org.eclipse.rap/runtime.ui/org.eclipse.rap.examples.pages

# mail demo
plugin@org.eclipse.rap.maildemo=HEAD,:pserver:anonymous@dev.eclipse.org:/cvsroot/rt,,org.eclipse.rap/sandbox/org.eclipse.rap.maildemo
plugin@org.eclipse.rap.maildemo.ext=HEAD,:pserver:anonymous@dev.eclipse.org:/cvsroot/rt,,org.eclipse.rap/sandbox/org.eclipse.rap.maildemo.ext

# war build demo feature
feature@org.eclipse.rap.releng.warbuild.demo=HEAD,:pserver:anonymous@dev.eclipse.org:/cvsroot/rt,,org.eclipse.rap/releng/org.eclipse.rap.releng.warbuild/demo-feature

plugin@org.eclipse.equinox.servletbridge=HEAD,:pserver:anonymous@dev.eclipse.org:/cvsroot/rt,,org.eclipse.equinox/server-side/bundles/org.eclipse.equinox.servletbridge
plugin@org.eclipse.equinox.http.servletbridge=HEAD,:pserver:anonymous@dev.eclipse.org:/cvsroot/rt,,org.eclipse.equinox/server-side/bundles/org.eclipse.equinox.http.servletbridge

# rms
feature@org.eclipse.rap.rms.feature=HEAD,:pserver:anonymous@dev.eclipse.org:/cvsroot/rt,,org.eclipse.rap/sandbox/rms/org.eclipse.rap.rms.feature

plugin@org.eclipse.rap.custom.viewers=HEAD,:pserver:anonymous@dev.eclipse.org:/cvsroot/rt,,org.eclipse.rap/sandbox/rms/org.eclipse.rap.custom.viewers
plugin@org.eclipse.rap.rms.data=HEAD,:pserver:anonymous@dev.eclipse.org:/cvsroot/rt,,org.eclipse.rap/sandbox/rms/org.eclipse.rap.rms.data
plugin@org.eclipse.rap.rms.ui=HEAD,:pserver:anonymous@dev.eclipse.org:/cvsroot/rt,,org.eclipse.rap/sandbox/rms/org.eclipse.rap.rms.ui
plugin@org.eclipse.rap.rwt.custom=HEAD,:pserver:anonymous@dev.eclipse.org:/cvsroot/rt,,org.eclipse.rap/sandbox/rms/org.eclipse.rap.rwt.custom

plugin@org.eclipse.rap.pde.runtime=HEAD,:pserver:anonymous@dev.eclipse.org:/cvsroot/rt,,org.eclipse.rap/sandbox/org.eclipse.rap.pde.runtime

fragment@org.eclipse.rap.equinox.registry=HEAD,:pserver:anonymous@dev.eclipse.org:/cvsroot/rt,,org.eclipse.rap/runtime.ui/org.eclipse.rap.equinox.registry

# NLS
fragment@org.eclipse.core.databinding.nl1=HEAD,:pserver:anonymous@dev.eclipse.org:/cvsroot/rt,,org.eclipse.rap/sandbox/rms/org.eclipse.core.databinding.nl1
fragment@org.eclipse.rap.jface.nl1=HEAD,:pserver:anonymous@dev.eclipse.org:/cvsroot/rt,,org.eclipse.rap/sandbox/rms/org.eclipse.rap.jface.nl1
fragment@org.eclipse.rap.pde.runtime.nl1=HEAD,:pserver:anonymous@dev.eclipse.org:/cvsroot/rt,,org.eclipse.rap/sandbox/rms/org.eclipse.rap.pde.runtime.nl1
fragment@org.eclipse.rap.rwt.nl1=HEAD,:pserver:anonymous@dev.eclipse.org:/cvsroot/rt,,org.eclipse.rap/sandbox/rms/org.eclipse.rap.rwt.nl1
fragment@org.eclipse.rap.ui.forms.nl1=HEAD,:pserver:anonymous@dev.eclipse.org:/cvsroot/rt,,org.eclipse.rap/sandbox/rms/org.eclipse.rap.ui.forms.nl1
fragment@org.eclipse.rap.ui.nl1=HEAD,:pserver:anonymous@dev.eclipse.org:/cvsroot/rt,,org.eclipse.rap/sandbox/rms/org.eclipse.rap.ui.nl1
fragment@org.eclipse.rap.ui.views.nl1=HEAD,:pserver:anonymous@dev.eclipse.org:/cvsroot/rt,,org.eclipse.rap/sandbox/rms/org.eclipse.rap.ui.views.nl1
fragment@org.eclipse.rap.ui.workbench.nl1=HEAD,:pserver:anonymous@dev.eclipse.org:/cvsroot/rt,,org.eclipse.rap/sandbox/rms/org.eclipse.rap.ui.workbench.nl1
