###############################################################################
# Copyright (c) 2003-2008 by Innoopract Informationssysteme GmbH and others
# All rights reserved. This program and the accompanying materials
# are made available under the terms of the Eclipse Public License v1.0
# which accompanies this distribution, and is available at
# http://www.eclipse.org/legal/epl-v10.html
#
# Contributors:
#     Innoopract Informationssysteme GmbH - initial API and implementation
###############################################################################

# rap core
feature@org.eclipse.rap=HEAD,:pserver:anonymous@dev.eclipse.org:/cvsroot/rt,,org.eclipse.rap/releng/org.eclipse.rap.feature,org.eclipse.rap

plugin@org.eclipse.rap.rwt=HEAD,:pserver:anonymous@dev.eclipse.org:/cvsroot/rt,,org.eclipse.rap/runtime.rwt/org.eclipse.rap.rwt
plugin@org.eclipse.rap.jface=HEAD,:pserver:anonymous@dev.eclipse.org:/cvsroot/rt,,org.eclipse.rap/runtime.ui/org.eclipse.rap.jface
plugin@org.eclipse.rap.ui=HEAD,:pserver:anonymous@dev.eclipse.org:/cvsroot/rt,,org.eclipse.rap/runtime.ui/org.eclipse.rap.ui
plugin@org.eclipse.rap.ui.views=HEAD,:pserver:anonymous@dev.eclipse.org:/cvsroot/rt,,org.eclipse.rap/runtime.ui/org.eclipse.rap.ui.views
plugin@org.eclipse.rap.ui.workbench=HEAD,:pserver:anonymous@dev.eclipse.org:/cvsroot/rt,,org.eclipse.rap/runtime.ui/org.eclipse.rap.ui.workbench

# rwt flavors
fragment@org.eclipse.rap.rwt.q07=HEAD,:pserver:anonymous@dev.eclipse.org:/cvsroot/rt,,org.eclipse.rap/runtime.rwt/org.eclipse.rap.rwt.q07

# databinding
plugin@org.eclipse.rap.jface.databinding=HEAD,:pserver:anonymous@dev.eclipse.org:/cvsroot/rt,,org.eclipse.rap/runtime.ui/org.eclipse.rap.jface.databinding

# forms
plugin@org.eclipse.rap.ui.forms=HEAD,:pserver:anonymous@dev.eclipse.org:/cvsroot/rt,,org.eclipse.rap/runtime.ui/org.eclipse.rap.ui.forms

# business design
plugin@org.eclipse.rap.design.business=HEAD,:pserver:anonymous@dev.eclipse.org:/cvsroot/rt,,org.eclipse.rap/runtime.ui/org.eclipse.rap.design.business

# tests
feature@org.eclipse.rap.test=HEAD,:pserver:anonymous@dev.eclipse.org:/cvsroot/rt,,org.eclipse.rap/releng/org.eclipse.rap.test-feature,org.eclipse.rap.test
feature@org.eclipse.rap.pretest=HEAD,:pserver:anonymous@dev.eclipse.org:/cvsroot/rt,,org.eclipse.rap/releng/org.eclipse.rap.pretest-feature,org.eclipse.rap.test
plugin@org.eclipse.rap.rwt.test=HEAD,:pserver:anonymous@dev.eclipse.org:/cvsroot/rt,,org.eclipse.rap/runtime.rwt.test/org.eclipse.rap.rwt.test
fragment@org.eclipse.rap.rwt.testfixture=HEAD,:pserver:anonymous@dev.eclipse.org:/cvsroot/rt,,org.eclipse.rap/runtime.rwt.test/org.eclipse.rap.rwt.testfixture
fragment@org.eclipse.rap.rwt.test.mockup=HEAD,:pserver:anonymous@dev.eclipse.org:/cvsroot/rt,,org.eclipse.rap/runtime.rwt.test/org.eclipse.rap.rwt.test.mockup
# tests for qx07 flavor
fragment@org.eclipse.rap.rwt.q07.test=HEAD,:pserver:anonymous@dev.eclipse.org:/cvsroot/rt,,org.eclipse.rap/runtime.rwt.test/org.eclipse.rap.rwt.q07.test

# tooling
feature@org.eclipse.rap.tooling=HEAD,:pserver:anonymous@dev.eclipse.org:/cvsroot/rt,,org.eclipse.rap/releng/org.eclipse.rap.tooling-feature,org.eclipse.rap.tooling
plugin@org.eclipse.rap.help=HEAD,:pserver:anonymous@dev.eclipse.org:/cvsroot/rt,,org.eclipse.rap/tooling/org.eclipse.rap.ui.help
plugin@org.eclipse.rap.ui.templates=HEAD,:pserver:anonymous@dev.eclipse.org:/cvsroot/rt,,org.eclipse.rap/tooling/org.eclipse.rap.ui.templates
plugin@org.eclipse.rap.ui.launch=HEAD,:pserver:anonymous@dev.eclipse.org:/cvsroot/rt,,org.eclipse.rap/tooling/org.eclipse.rap.ui.launch
plugin@org.eclipse.rap.ui.intro=HEAD,:pserver:anonymous@dev.eclipse.org:/cvsroot/rt,,org.eclipse.rap/tooling/org.eclipse.rap.ui.intro

# rap junit
plugin@org.eclipse.rap.junit=HEAD,:pserver:anonymous@dev.eclipse.org:/cvsroot/rt,,org.eclipse.rap/runtime.ui/org.eclipse.rap.junit
plugin@org.eclipse.rap.junit.runtime=HEAD,:pserver:anonymous@dev.eclipse.org:/cvsroot/rt,,org.eclipse.rap/runtime.ui/org.eclipse.rap.junit.runtime
